Unknown node BZ
UU
Found loop VT->MD
VT FI UU MD TG