Unknown node NON_EXISTENT
Unknown node NON_EXISTENT
Unknown nodes NON_EXISTENT_A NON_EXISTENT_B
Unknown node NON_EXISTENT
Unknown nodes NON_EXISTENT_A NON_EXISTENT_B