Found loop A->D
A B C D 
A B C D
A 0
B 5
C 8
D 10
3