Found loop A->D
A B C D 
A D C B
A 0
C 8
D 10
B 5
3